
mainbit.out:     file format elf64-x86-64


Disassembly of section .init:

0000000000000510 <_init>:
 510:	48 83 ec 08          	sub    $0x8,%rsp
 514:	48 8b 05 cd 0a 20 00 	mov    0x200acd(%rip),%rax        # 200fe8 <__gmon_start__>
 51b:	48 85 c0             	test   %rax,%rax
 51e:	74 02                	je     522 <_init+0x12>
 520:	ff d0                	callq  *%rax
 522:	48 83 c4 08          	add    $0x8,%rsp
 526:	c3                   	retq   

Disassembly of section .plt:

0000000000000530 <.plt>:
 530:	ff 35 8a 0a 20 00    	pushq  0x200a8a(%rip)        # 200fc0 <_GLOBAL_OFFSET_TABLE_+0x8>
 536:	ff 25 8c 0a 20 00    	jmpq   *0x200a8c(%rip)        # 200fc8 <_GLOBAL_OFFSET_TABLE_+0x10>
 53c:	0f 1f 40 00          	nopl   0x0(%rax)

0000000000000540 <__printf_chk@plt>:
 540:	ff 25 8a 0a 20 00    	jmpq   *0x200a8a(%rip)        # 200fd0 <__printf_chk@GLIBC_2.3.4>
 546:	68 00 00 00 00       	pushq  $0x0
 54b:	e9 e0 ff ff ff       	jmpq   530 <.plt>

Disassembly of section .plt.got:

0000000000000550 <__cxa_finalize@plt>:
 550:	ff 25 a2 0a 20 00    	jmpq   *0x200aa2(%rip)        # 200ff8 <__cxa_finalize@GLIBC_2.2.5>
 556:	66 90                	xchg   %ax,%ax

Disassembly of section .text:

0000000000000560 <_start>:
 560:	31 ed                	xor    %ebp,%ebp
 562:	49 89 d1             	mov    %rdx,%r9
 565:	5e                   	pop    %rsi
 566:	48 89 e2             	mov    %rsp,%rdx
 569:	48 83 e4 f0          	and    $0xfffffffffffffff0,%rsp
 56d:	50                   	push   %rax
 56e:	54                   	push   %rsp
 56f:	4c 8d 05 fa 03 00 00 	lea    0x3fa(%rip),%r8        # 970 <__libc_csu_fini>
 576:	48 8d 0d 83 03 00 00 	lea    0x383(%rip),%rcx        # 900 <__libc_csu_init>
 57d:	48 8d 3d 1c 03 00 00 	lea    0x31c(%rip),%rdi        # 8a0 <main>
 584:	ff 15 56 0a 20 00    	callq  *0x200a56(%rip)        # 200fe0 <__libc_start_main@GLIBC_2.2.5>
 58a:	f4                   	hlt    
 58b:	0f 1f 44 00 00       	nopl   0x0(%rax,%rax,1)

0000000000000590 <deregister_tm_clones>:
 590:	48 8d 3d b9 0a 20 00 	lea    0x200ab9(%rip),%rdi        # 201050 <__TMC_END__>
 597:	55                   	push   %rbp
 598:	48 8d 05 b1 0a 20 00 	lea    0x200ab1(%rip),%rax        # 201050 <__TMC_END__>
 59f:	48 39 f8             	cmp    %rdi,%rax
 5a2:	48 89 e5             	mov    %rsp,%rbp
 5a5:	74 19                	je     5c0 <deregister_tm_clones+0x30>
 5a7:	48 8b 05 2a 0a 20 00 	mov    0x200a2a(%rip),%rax        # 200fd8 <_ITM_deregisterTMCloneTable>
 5ae:	48 85 c0             	test   %rax,%rax
 5b1:	74 0d                	je     5c0 <deregister_tm_clones+0x30>
 5b3:	5d                   	pop    %rbp
 5b4:	ff e0                	jmpq   *%rax
 5b6:	66 2e 0f 1f 84 00 00 	nopw   %cs:0x0(%rax,%rax,1)
 5bd:	00 00 00 
 5c0:	5d                   	pop    %rbp
 5c1:	c3                   	retq   
 5c2:	0f 1f 40 00          	nopl   0x0(%rax)
 5c6:	66 2e 0f 1f 84 00 00 	nopw   %cs:0x0(%rax,%rax,1)
 5cd:	00 00 00 

00000000000005d0 <register_tm_clones>:
 5d0:	48 8d 3d 79 0a 20 00 	lea    0x200a79(%rip),%rdi        # 201050 <__TMC_END__>
 5d7:	48 8d 35 72 0a 20 00 	lea    0x200a72(%rip),%rsi        # 201050 <__TMC_END__>
 5de:	55                   	push   %rbp
 5df:	48 29 fe             	sub    %rdi,%rsi
 5e2:	48 89 e5             	mov    %rsp,%rbp
 5e5:	48 c1 fe 03          	sar    $0x3,%rsi
 5e9:	48 89 f0             	mov    %rsi,%rax
 5ec:	48 c1 e8 3f          	shr    $0x3f,%rax
 5f0:	48 01 c6             	add    %rax,%rsi
 5f3:	48 d1 fe             	sar    %rsi
 5f6:	74 18                	je     610 <register_tm_clones+0x40>
 5f8:	48 8b 05 f1 09 20 00 	mov    0x2009f1(%rip),%rax        # 200ff0 <_ITM_registerTMCloneTable>
 5ff:	48 85 c0             	test   %rax,%rax
 602:	74 0c                	je     610 <register_tm_clones+0x40>
 604:	5d                   	pop    %rbp
 605:	ff e0                	jmpq   *%rax
 607:	66 0f 1f 84 00 00 00 	nopw   0x0(%rax,%rax,1)
 60e:	00 00 
 610:	5d                   	pop    %rbp
 611:	c3                   	retq   
 612:	0f 1f 40 00          	nopl   0x0(%rax)
 616:	66 2e 0f 1f 84 00 00 	nopw   %cs:0x0(%rax,%rax,1)
 61d:	00 00 00 

0000000000000620 <__do_global_dtors_aux>:
 620:	80 3d 25 0a 20 00 00 	cmpb   $0x0,0x200a25(%rip)        # 20104c <_edata>
 627:	75 2f                	jne    658 <__do_global_dtors_aux+0x38>
 629:	48 83 3d c7 09 20 00 	cmpq   $0x0,0x2009c7(%rip)        # 200ff8 <__cxa_finalize@GLIBC_2.2.5>
 630:	00 
 631:	55                   	push   %rbp
 632:	48 89 e5             	mov    %rsp,%rbp
 635:	74 0c                	je     643 <__do_global_dtors_aux+0x23>
 637:	48 8b 3d ca 09 20 00 	mov    0x2009ca(%rip),%rdi        # 201008 <__dso_handle>
 63e:	e8 0d ff ff ff       	callq  550 <__cxa_finalize@plt>
 643:	e8 48 ff ff ff       	callq  590 <deregister_tm_clones>
 648:	c6 05 fd 09 20 00 01 	movb   $0x1,0x2009fd(%rip)        # 20104c <_edata>
 64f:	5d                   	pop    %rbp
 650:	c3                   	retq   
 651:	0f 1f 80 00 00 00 00 	nopl   0x0(%rax)
 658:	f3 c3                	repz retq 
 65a:	66 0f 1f 44 00 00    	nopw   0x0(%rax,%rax,1)

0000000000000660 <frame_dummy>:
 660:	55                   	push   %rbp
 661:	48 89 e5             	mov    %rsp,%rbp
 664:	5d                   	pop    %rbp
 665:	e9 66 ff ff ff       	jmpq   5d0 <register_tm_clones>

000000000000066a <_Z12inplace_swapPiS_>:
 66a:	55                   	push   %rbp
 66b:	53                   	push   %rbx
 66c:	48 83 ec 08          	sub    $0x8,%rsp
 670:	48 89 fd             	mov    %rdi,%rbp
 673:	48 89 f3             	mov    %rsi,%rbx
 676:	48 89 f1             	mov    %rsi,%rcx
 679:	48 89 fa             	mov    %rdi,%rdx
 67c:	48 8d 35 01 03 00 00 	lea    0x301(%rip),%rsi        # 984 <_IO_stdin_used+0x4>
 683:	bf 01 00 00 00       	mov    $0x1,%edi
 688:	b8 00 00 00 00       	mov    $0x0,%eax
 68d:	e8 ae fe ff ff       	callq  540 <__printf_chk@plt>
 692:	8b 0b                	mov    (%rbx),%ecx
 694:	8b 55 00             	mov    0x0(%rbp),%edx
 697:	48 8d 35 f3 02 00 00 	lea    0x2f3(%rip),%rsi        # 991 <_IO_stdin_used+0x11>
 69e:	bf 01 00 00 00       	mov    $0x1,%edi
 6a3:	b8 00 00 00 00       	mov    $0x0,%eax
 6a8:	e8 93 fe ff ff       	callq  540 <__printf_chk@plt>
 6ad:	8b 03                	mov    (%rbx),%eax
 6af:	33 45 00             	xor    0x0(%rbp),%eax
 6b2:	89 03                	mov    %eax,(%rbx)
 6b4:	33 45 00             	xor    0x0(%rbp),%eax
 6b7:	89 45 00             	mov    %eax,0x0(%rbp)
 6ba:	31 03                	xor    %eax,(%rbx)
 6bc:	48 83 c4 08          	add    $0x8,%rsp
 6c0:	5b                   	pop    %rbx
 6c1:	5d                   	pop    %rbp
 6c2:	c3                   	retq   

00000000000006c3 <_Z12reverseArrayPii>:
 6c3:	41 54                	push   %r12
 6c5:	55                   	push   %rbp
 6c6:	53                   	push   %rbx
 6c7:	49 89 fc             	mov    %rdi,%r12
 6ca:	89 f5                	mov    %esi,%ebp
 6cc:	89 f2                	mov    %esi,%edx
 6ce:	48 8d 35 c3 02 00 00 	lea    0x2c3(%rip),%rsi        # 998 <_IO_stdin_used+0x18>
 6d5:	bf 01 00 00 00       	mov    $0x1,%edi
 6da:	b8 00 00 00 00       	mov    $0x0,%eax
 6df:	e8 5c fe ff ff       	callq  540 <__printf_chk@plt>
 6e4:	bb 00 00 00 00       	mov    $0x0,%ebx
 6e9:	89 e8                	mov    %ebp,%eax
 6eb:	c1 e8 1f             	shr    $0x1f,%eax
 6ee:	01 e8                	add    %ebp,%eax
 6f0:	d1 f8                	sar    %eax
 6f2:	39 d8                	cmp    %ebx,%eax
 6f4:	7e 1c                	jle    712 <_Z12reverseArrayPii+0x4f>
 6f6:	89 e8                	mov    %ebp,%eax
 6f8:	29 d8                	sub    %ebx,%eax
 6fa:	48 98                	cltq   
 6fc:	48 63 d3             	movslq %ebx,%rdx
 6ff:	49 8d 74 84 fc       	lea    -0x4(%r12,%rax,4),%rsi
 704:	49 8d 3c 94          	lea    (%r12,%rdx,4),%rdi
 708:	e8 5d ff ff ff       	callq  66a <_Z12inplace_swapPiS_>
 70d:	83 c3 01             	add    $0x1,%ebx
 710:	eb d7                	jmp    6e9 <_Z12reverseArrayPii+0x26>
 712:	bb 00 00 00 00       	mov    $0x0,%ebx
 717:	39 eb                	cmp    %ebp,%ebx
 719:	7d 24                	jge    73f <_Z12reverseArrayPii+0x7c>
 71b:	48 63 c3             	movslq %ebx,%rax
 71e:	41 8b 0c 84          	mov    (%r12,%rax,4),%ecx
 722:	89 da                	mov    %ebx,%edx
 724:	48 8d 35 7d 02 00 00 	lea    0x27d(%rip),%rsi        # 9a8 <_IO_stdin_used+0x28>
 72b:	bf 01 00 00 00       	mov    $0x1,%edi
 730:	b8 00 00 00 00       	mov    $0x0,%eax
 735:	e8 06 fe ff ff       	callq  540 <__printf_chk@plt>
 73a:	83 c3 01             	add    $0x1,%ebx
 73d:	eb d8                	jmp    717 <_Z12reverseArrayPii+0x54>
 73f:	5b                   	pop    %rbx
 740:	5d                   	pop    %rbp
 741:	41 5c                	pop    %r12
 743:	c3                   	retq   

0000000000000744 <_Z9showbytesPhm>:
 744:	41 54                	push   %r12
 746:	55                   	push   %rbp
 747:	53                   	push   %rbx
 748:	49 89 fc             	mov    %rdi,%r12
 74b:	48 89 f5             	mov    %rsi,%rbp
 74e:	bb 00 00 00 00       	mov    $0x0,%ebx
 753:	48 39 eb             	cmp    %rbp,%rbx
 756:	73 23                	jae    77b <_Z9showbytesPhm+0x37>
 758:	49 8d 14 1c          	lea    (%r12,%rbx,1),%rdx
 75c:	0f b6 0a             	movzbl (%rdx),%ecx
 75f:	48 8d 35 4e 02 00 00 	lea    0x24e(%rip),%rsi        # 9b4 <_IO_stdin_used+0x34>
 766:	bf 01 00 00 00       	mov    $0x1,%edi
 76b:	b8 00 00 00 00       	mov    $0x0,%eax
 770:	e8 cb fd ff ff       	callq  540 <__printf_chk@plt>
 775:	48 83 c3 01          	add    $0x1,%rbx
 779:	eb d8                	jmp    753 <_Z9showbytesPhm+0xf>
 77b:	5b                   	pop    %rbx
 77c:	5d                   	pop    %rbp
 77d:	41 5c                	pop    %r12
 77f:	c3                   	retq   

0000000000000780 <_Z19showFloatComponentsf>:
 780:	f3 c3                	repz retq 

0000000000000782 <_Z12replace_bytejih>:
 782:	8d 0c f5 00 00 00 00 	lea    0x0(,%rsi,8),%ecx
 789:	41 b8 ff 00 00 00    	mov    $0xff,%r8d
 78f:	41 d3 e0             	shl    %cl,%r8d
 792:	41 f7 d0             	not    %r8d
 795:	44 21 c7             	and    %r8d,%edi
 798:	0f b6 c2             	movzbl %dl,%eax
 79b:	d3 e0                	shl    %cl,%eax
 79d:	09 f8                	or     %edi,%eax
 79f:	c3                   	retq   

00000000000007a0 <_Z8bitCountm>:
 7a0:	55                   	push   %rbp
 7a1:	53                   	push   %rbx
 7a2:	48 83 ec 08          	sub    $0x8,%rsp
 7a6:	b9 00 00 00 00       	mov    $0x0,%ecx
 7ab:	ba 00 00 00 00       	mov    $0x0,%edx
 7b0:	83 f9 07             	cmp    $0x7,%ecx
 7b3:	7f 18                	jg     7cd <_Z8bitCountm+0x2d>
 7b5:	48 b8 01 01 01 01 01 	movabs $0x101010101010101,%rax
 7bc:	01 01 01 
 7bf:	48 21 f8             	and    %rdi,%rax
 7c2:	48 01 c2             	add    %rax,%rdx
 7c5:	48 d1 ef             	shr    %rdi
 7c8:	83 c1 01             	add    $0x1,%ecx
 7cb:	eb e3                	jmp    7b0 <_Z8bitCountm+0x10>
 7cd:	48 89 d5             	mov    %rdx,%rbp
 7d0:	48 c1 fd 20          	sar    $0x20,%rbp
 7d4:	48 01 d5             	add    %rdx,%rbp
 7d7:	48 89 ea             	mov    %rbp,%rdx
 7da:	48 8d 35 e1 01 00 00 	lea    0x1e1(%rip),%rsi        # 9c2 <_IO_stdin_used+0x42>
 7e1:	bf 01 00 00 00       	mov    $0x1,%edi
 7e6:	b8 00 00 00 00       	mov    $0x0,%eax
 7eb:	e8 50 fd ff ff       	callq  540 <__printf_chk@plt>
 7f0:	48 89 eb             	mov    %rbp,%rbx
 7f3:	48 c1 fb 10          	sar    $0x10,%rbx
 7f7:	48 01 dd             	add    %rbx,%rbp
 7fa:	48 89 ea             	mov    %rbp,%rdx
 7fd:	48 8d 35 cb 01 00 00 	lea    0x1cb(%rip),%rsi        # 9cf <_IO_stdin_used+0x4f>
 804:	bf 01 00 00 00       	mov    $0x1,%edi
 809:	b8 00 00 00 00       	mov    $0x0,%eax
 80e:	e8 2d fd ff ff       	callq  540 <__printf_chk@plt>
 813:	48 89 eb             	mov    %rbp,%rbx
 816:	48 c1 fb 08          	sar    $0x8,%rbx
 81a:	48 01 eb             	add    %rbp,%rbx
 81d:	48 89 da             	mov    %rbx,%rdx
 820:	48 8d 35 a8 01 00 00 	lea    0x1a8(%rip),%rsi        # 9cf <_IO_stdin_used+0x4f>
 827:	bf 01 00 00 00       	mov    $0x1,%edi
 82c:	b8 00 00 00 00       	mov    $0x0,%eax
 831:	e8 0a fd ff ff       	callq  540 <__printf_chk@plt>
 836:	0f b6 c3             	movzbl %bl,%eax
 839:	48 83 c4 08          	add    $0x8,%rsp
 83d:	5b                   	pop    %rbx
 83e:	5d                   	pop    %rbp
 83f:	c3                   	retq   

0000000000000840 <_Z9bitCount4m>:
 840:	ba 00 00 00 00       	mov    $0x0,%edx
 845:	b9 00 00 00 00       	mov    $0x0,%ecx
 84a:	83 fa 03             	cmp    $0x3,%edx
 84d:	7f 18                	jg     867 <_Z9bitCount4m+0x27>
 84f:	48 b8 11 11 11 11 11 	movabs $0x1111111111111111,%rax
 856:	11 11 11 
 859:	48 21 f8             	and    %rdi,%rax
 85c:	48 01 c1             	add    %rax,%rcx
 85f:	48 d1 ef             	shr    %rdi
 862:	83 c2 01             	add    $0x1,%edx
 865:	eb e3                	jmp    84a <_Z9bitCount4m+0xa>
 867:	48 89 c8             	mov    %rcx,%rax
 86a:	48 c1 f8 04          	sar    $0x4,%rax
 86e:	48 01 c1             	add    %rax,%rcx
 871:	48 b8 0f 0f 0f 0f 0f 	movabs $0xf0f0f0f0f0f0f0f,%rax
 878:	0f 0f 0f 
 87b:	48 21 c1             	and    %rax,%rcx
 87e:	48 89 c8             	mov    %rcx,%rax
 881:	48 c1 f8 20          	sar    $0x20,%rax
 885:	48 01 c1             	add    %rax,%rcx
 888:	48 89 c8             	mov    %rcx,%rax
 88b:	48 c1 f8 10          	sar    $0x10,%rax
 88f:	48 01 c1             	add    %rax,%rcx
 892:	48 89 c8             	mov    %rcx,%rax
 895:	48 c1 f8 08          	sar    $0x8,%rax
 899:	48 01 c8             	add    %rcx,%rax
 89c:	0f b6 c0             	movzbl %al,%eax
 89f:	c3                   	retq   

00000000000008a0 <main>:
 8a0:	48 83 ec 08          	sub    $0x8,%rsp
 8a4:	ba ff 00 00 00       	mov    $0xff,%edx
 8a9:	be 03 00 00 00       	mov    $0x3,%esi
 8ae:	bf 78 56 34 12       	mov    $0x12345678,%edi
 8b3:	e8 ca fe ff ff       	callq  782 <_Z12replace_bytejih>
 8b8:	89 c2                	mov    %eax,%edx
 8ba:	48 8d 35 1a 01 00 00 	lea    0x11a(%rip),%rsi        # 9db <_IO_stdin_used+0x5b>
 8c1:	bf 01 00 00 00       	mov    $0x1,%edi
 8c6:	b8 00 00 00 00       	mov    $0x0,%eax
 8cb:	e8 70 fc ff ff       	callq  540 <__printf_chk@plt>
 8d0:	48 c7 c7 ff ff ff ff 	mov    $0xffffffffffffffff,%rdi
 8d7:	e8 64 ff ff ff       	callq  840 <_Z9bitCount4m>
 8dc:	48 89 c2             	mov    %rax,%rdx
 8df:	48 8d 35 06 01 00 00 	lea    0x106(%rip),%rsi        # 9ec <_IO_stdin_used+0x6c>
 8e6:	bf 01 00 00 00       	mov    $0x1,%edi
 8eb:	b8 00 00 00 00       	mov    $0x0,%eax
 8f0:	e8 4b fc ff ff       	callq  540 <__printf_chk@plt>
 8f5:	b8 00 00 00 00       	mov    $0x0,%eax
 8fa:	48 83 c4 08          	add    $0x8,%rsp
 8fe:	c3                   	retq   
 8ff:	90                   	nop

0000000000000900 <__libc_csu_init>:
 900:	41 57                	push   %r15
 902:	41 56                	push   %r14
 904:	49 89 d7             	mov    %rdx,%r15
 907:	41 55                	push   %r13
 909:	41 54                	push   %r12
 90b:	4c 8d 25 a6 04 20 00 	lea    0x2004a6(%rip),%r12        # 200db8 <__frame_dummy_init_array_entry>
 912:	55                   	push   %rbp
 913:	48 8d 2d a6 04 20 00 	lea    0x2004a6(%rip),%rbp        # 200dc0 <__init_array_end>
 91a:	53                   	push   %rbx
 91b:	41 89 fd             	mov    %edi,%r13d
 91e:	49 89 f6             	mov    %rsi,%r14
 921:	4c 29 e5             	sub    %r12,%rbp
 924:	48 83 ec 08          	sub    $0x8,%rsp
 928:	48 c1 fd 03          	sar    $0x3,%rbp
 92c:	e8 df fb ff ff       	callq  510 <_init>
 931:	48 85 ed             	test   %rbp,%rbp
 934:	74 20                	je     956 <__libc_csu_init+0x56>
 936:	31 db                	xor    %ebx,%ebx
 938:	0f 1f 84 00 00 00 00 	nopl   0x0(%rax,%rax,1)
 93f:	00 
 940:	4c 89 fa             	mov    %r15,%rdx
 943:	4c 89 f6             	mov    %r14,%rsi
 946:	44 89 ef             	mov    %r13d,%edi
 949:	41 ff 14 dc          	callq  *(%r12,%rbx,8)
 94d:	48 83 c3 01          	add    $0x1,%rbx
 951:	48 39 dd             	cmp    %rbx,%rbp
 954:	75 ea                	jne    940 <__libc_csu_init+0x40>
 956:	48 83 c4 08          	add    $0x8,%rsp
 95a:	5b                   	pop    %rbx
 95b:	5d                   	pop    %rbp
 95c:	41 5c                	pop    %r12
 95e:	41 5d                	pop    %r13
 960:	41 5e                	pop    %r14
 962:	41 5f                	pop    %r15
 964:	c3                   	retq   
 965:	90                   	nop
 966:	66 2e 0f 1f 84 00 00 	nopw   %cs:0x0(%rax,%rax,1)
 96d:	00 00 00 

0000000000000970 <__libc_csu_fini>:
 970:	f3 c3                	repz retq 

Disassembly of section .fini:

0000000000000974 <_fini>:
 974:	48 83 ec 08          	sub    $0x8,%rsp
 978:	48 83 c4 08          	add    $0x8,%rsp
 97c:	c3                   	retq   
